Archive member included to satisfy reference by file (symbol)

C:/ST/STM32CubeIDE_1.13.1/STM32CubeIDE/plugins/com.st.stm32cube.ide.mcu.externaltools.gnu-tools-for-stm32.11.3.rel1.win32_1.1.1.202309131626/tools/bin/../lib/gcc/arm-none-eabi/11.3.1/../../../../arm-none-eabi/lib/thumb/v6-m/nofp\libc_nano.a(libc_a-exit.o)
                              C:/ST/STM32CubeIDE_1.13.1/STM32CubeIDE/plugins/com.st.stm32cube.ide.mcu.externaltools.gnu-tools-for-stm32.11.3.rel1.win32_1.1.1.202309131626/tools/bin/../lib/gcc/arm-none-eabi/11.3.1/../../../../arm-none-eabi/lib/thumb/v6-m/nofp/crt0.o (exit)
C:/ST/STM32CubeIDE_1.13.1/STM32CubeIDE/plugins/com.st.stm32cube.ide.mcu.externaltools.gnu-tools-for-stm32.11.3.rel1.win32_1.1.1.202309131626/tools/bin/../lib/gcc/arm-none-eabi/11.3.1/../../../../arm-none-eabi/lib/thumb/v6-m/nofp\libc_nano.a(libc_a-strtol.o)
                              ./my_lib/Src/my_nmea.o (strtol)
C:/ST/STM32CubeIDE_1.13.1/STM32CubeIDE/plugins/com.st.stm32cube.ide.mcu.externaltools.gnu-tools-for-stm32.11.3.rel1.win32_1.1.1.202309131626/tools/bin/../lib/gcc/arm-none-eabi/11.3.1/../../../../arm-none-eabi/lib/thumb/v6-m/nofp\libc_nano.a(libc_a-ctype_.o)
                              C:/ST/STM32CubeIDE_1.13.1/STM32CubeIDE/plugins/com.st.stm32cube.ide.mcu.externaltools.gnu-tools-for-stm32.11.3.rel1.win32_1.1.1.202309131626/tools/bin/../lib/gcc/arm-none-eabi/11.3.1/../../../../arm-none-eabi/lib/thumb/v6-m/nofp\libc_nano.a(libc_a-strtol.o) (_ctype_)
C:/ST/STM32CubeIDE_1.13.1/STM32CubeIDE/plugins/com.st.stm32cube.ide.mcu.externaltools.gnu-tools-for-stm32.11.3.rel1.win32_1.1.1.202309131626/tools/bin/../lib/gcc/arm-none-eabi/11.3.1/../../../../arm-none-eabi/lib/thumb/v6-m/nofp\libc_nano.a(libc_a-findfp.o)
                              C:/ST/STM32CubeIDE_1.13.1/STM32CubeIDE/plugins/com.st.stm32cube.ide.mcu.externaltools.gnu-tools-for-stm32.11.3.rel1.win32_1.1.1.202309131626/tools/bin/../lib/gcc/arm-none-eabi/11.3.1/../../../../arm-none-eabi/lib/thumb/v6-m/nofp\libc_nano.a(libc_a-exit.o) (__stdio_exit_handler)
C:/ST/STM32CubeIDE_1.13.1/STM32CubeIDE/plugins/com.st.stm32cube.ide.mcu.externaltools.gnu-tools-for-stm32.11.3.rel1.win32_1.1.1.202309131626/tools/bin/../lib/gcc/arm-none-eabi/11.3.1/../../../../arm-none-eabi/lib/thumb/v6-m/nofp\libc_nano.a(libc_a-fwalk.o)
                              C:/ST/STM32CubeIDE_1.13.1/STM32CubeIDE/plugins/com.st.stm32cube.ide.mcu.externaltools.gnu-tools-for-stm32.11.3.rel1.win32_1.1.1.202309131626/tools/bin/../lib/gcc/arm-none-eabi/11.3.1/../../../../arm-none-eabi/lib/thumb/v6-m/nofp\libc_nano.a(libc_a-findfp.o) (_fwalk_sglue)
C:/ST/STM32CubeIDE_1.13.1/STM32CubeIDE/plugins/com.st.stm32cube.ide.mcu.externaltools.gnu-tools-for-stm32.11.3.rel1.win32_1.1.1.202309131626/tools/bin/../lib/gcc/arm-none-eabi/11.3.1/../../../../arm-none-eabi/lib/thumb/v6-m/nofp\libc_nano.a(libc_a-stdio.o)
                              C:/ST/STM32CubeIDE_1.13.1/STM32CubeIDE/plugins/com.st.stm32cube.ide.mcu.externaltools.gnu-tools-for-stm32.11.3.rel1.win32_1.1.1.202309131626/tools/bin/../lib/gcc/arm-none-eabi/11.3.1/../../../../arm-none-eabi/lib/thumb/v6-m/nofp\libc_nano.a(libc_a-findfp.o) (__sread)
C:/ST/STM32CubeIDE_1.13.1/STM32CubeIDE/plugins/com.st.stm32cube.ide.mcu.externaltools.gnu-tools-for-stm32.11.3.rel1.win32_1.1.1.202309131626/tools/bin/../lib/gcc/arm-none-eabi/11.3.1/../../../../arm-none-eabi/lib/thumb/v6-m/nofp\libc_nano.a(libc_a-memset.o)
                              C:/ST/STM32CubeIDE_1.13.1/STM32CubeIDE/plugins/com.st.stm32cube.ide.mcu.externaltools.gnu-tools-for-stm32.11.3.rel1.win32_1.1.1.202309131626/tools/bin/../lib/gcc/arm-none-eabi/11.3.1/../../../../arm-none-eabi/lib/thumb/v6-m/nofp/crt0.o (memset)
C:/ST/STM32CubeIDE_1.13.1/STM32CubeIDE/plugins/com.st.stm32cube.ide.mcu.externaltools.gnu-tools-for-stm32.11.3.rel1.win32_1.1.1.202309131626/tools/bin/../lib/gcc/arm-none-eabi/11.3.1/../../../../arm-none-eabi/lib/thumb/v6-m/nofp\libc_nano.a(libc_a-strstr.o)
                              ./Src/main.o (strstr)
C:/ST/STM32CubeIDE_1.13.1/STM32CubeIDE/plugins/com.st.stm32cube.ide.mcu.externaltools.gnu-tools-for-stm32.11.3.rel1.win32_1.1.1.202309131626/tools/bin/../lib/gcc/arm-none-eabi/11.3.1/../../../../arm-none-eabi/lib/thumb/v6-m/nofp\libc_nano.a(libc_a-closer.o)
                              C:/ST/STM32CubeIDE_1.13.1/STM32CubeIDE/plugins/com.st.stm32cube.ide.mcu.externaltools.gnu-tools-for-stm32.11.3.rel1.win32_1.1.1.202309131626/tools/bin/../lib/gcc/arm-none-eabi/11.3.1/../../../../arm-none-eabi/lib/thumb/v6-m/nofp\libc_nano.a(libc_a-stdio.o) (_close_r)
C:/ST/STM32CubeIDE_1.13.1/STM32CubeIDE/plugins/com.st.stm32cube.ide.mcu.externaltools.gnu-tools-for-stm32.11.3.rel1.win32_1.1.1.202309131626/tools/bin/../lib/gcc/arm-none-eabi/11.3.1/../../../../arm-none-eabi/lib/thumb/v6-m/nofp\libc_nano.a(libc_a-reent.o)
[...]
Memory Configuration

Name             Origin             Length             Attributes
RAM              0x0000000020000000 0x0000000000002000 xrw
FLASH            0x0000000008000000 0x0000000000010000 xr
*default*        0x0000000000000000 0xffffffffffffffff

Linker script and memory map

LOAD C:/ST/STM32CubeIDE_1.13.1/STM32CubeIDE/plugins/com.st.stm32cube.ide.mcu.externaltools.gnu-tools-for-stm32.11.3.rel1.win32_1.1.1.202309131626/tools/bin/../lib/gcc/arm-none-eabi/11.3.1/thumb/v6-m/nofp/crti.o
LOAD C:/ST/STM32CubeIDE_1.13.1/STM32CubeIDE/plugins/com.st.stm32cube.ide.mcu.externaltools.gnu-tools-for-stm32.11.3.rel1.win32_1.1.1.202309131626/tools/bin/../lib/gcc/arm-none-eabi/11.3.1/thumb/v6-m/nofp/crtbegin.o
LOAD C:/ST/STM32CubeIDE_1.13.1/STM32CubeIDE/plugins/com.st.stm32cube.ide.mcu.externaltools.gnu-tools-for-stm32.11.3.rel1.win32_1.1.1.202309131626/tools/bin/../lib/gcc/arm-none-eabi/11.3.1/../../../../arm-none-eabi/lib/thumb/v6-m/nofp/crt0.o
LOAD ./Src/main.o
LOAD ./Src/syscalls.o
LOAD ./Src/sysmem.o
LOAD ./Startup/startup_stm32g031k8tx.o
LOAD ./my_drivers/Src/my_tims.o
LOAD ./my_drivers/Src/my_uart.o
LOAD ./my_lib/Src/my_nmea.o
START GROUP
LOAD C:/ST/STM32CubeIDE_1.13.1/STM32CubeIDE/plugins/com.st.stm32cube.ide.mcu.externaltools.gnu-tools-for-stm32.11.3.rel1.win32_1.1.1.202309131626/tools/bin/../lib/gcc/arm-none-eabi/11.3.1/../../../../arm-none-eabi/lib/thumb/v6-m/nofp\libc_nano.a
LOAD C:/ST/STM32CubeIDE_1.13.1/STM32CubeIDE/plugins/com.st.stm32cube.ide.mcu.externaltools.gnu-tools-for-stm32.11.3.rel1.win32_1.1.1.202309131626/tools/bin/../lib/gcc/arm-none-eabi/11.3.1/../../../../arm-none-eabi/lib/thumb/v6-m/nofp\libm.a
END GROUP
START GROUP
LOAD C:/ST/STM32CubeIDE_1.13.1/STM32CubeIDE/plugins/com.st.stm32cube.ide.mcu.externaltools.gnu-tools-for-stm32.11.3.rel1.win32_1.1.1.202309131626/tools/bin/../lib/gcc/arm-none-eabi/11.3.1/thumb/v6-m/nofp\libgcc.a
LOAD C:/ST/STM32CubeIDE_1.13.1/STM32CubeIDE/plugins/com.st.stm32cube.ide.mcu.externaltools.gnu-tools-for-stm32.11.3.rel1.win32_1.1.1.202309131626/tools/bin/../lib/gcc/arm-none-eabi/11.3.1/../../../../arm-none-eabi/lib/thumb/v6-m/nofp\libc_nano.a
END GROUP
START GROUP
LOAD C:/ST/STM32CubeIDE_1.13.1/STM32CubeIDE/plugins/com.st.stm32cube.ide.mcu.externaltools.gnu-tools-for-stm32.11.3.rel1.win32_1.1.1.202309131626/tools/bin/../lib/gcc/arm-none-eabi/11.3.1/thumb/v6-m/nofp\libgcc.a
LOAD C:/ST/STM32CubeIDE_1.13.1/STM32CubeIDE/plugins/com.st.stm32cube.ide.mcu.externaltools.gnu-tools-for-stm32.11.3.rel1.win32_1.1.1.202309131626/tools/bin/../lib/gcc/arm-none-eabi/11.3.1/../../../../arm-none-eabi/lib/thumb/v6-m/nofp\libc_nano.a
LOAD C:/ST/STM32CubeIDE_1.13.1/STM32CubeIDE/plugins/com.st.stm32cube.ide.mcu.externaltools.gnu-tools-for-stm32.11.3.rel1.win32_1.1.1.202309131626/tools/bin/../lib/gcc/arm-none-eabi/11.3.1/../../../../arm-none-eabi/lib/thumb/v6-m/nofp\libnosys.a
END GROUP
START GROUP
LOAD C:/ST/STM32CubeIDE_1.13.1/STM32CubeIDE/plugins/com.st.stm32cube.ide.mcu.externaltools.gnu-tools-for-stm32.11.3.rel1.win32_1.1.1.202309131626/tools/bin/../lib/gcc/arm-none-eabi/11.3.1/thumb/v6-m/nofp\libgcc.a
LOAD C:/ST/STM32CubeIDE_1.13.1/STM32CubeIDE/plugins/com.st.stm32cube.ide.mcu.externaltools.gnu-tools-for-stm32.11.3.rel1.win32_1.1.1.202309131626/tools/bin/../lib/gcc/arm-none-eabi/11.3.1/../../../../arm-none-eabi/lib/thumb/v6-m/nofp\libc_nano.a
LOAD C:/ST/STM32CubeIDE_1.13.1/STM32CubeIDE/plugins/com.st.stm32cube.ide.mcu.externaltools.gnu-tools-for-stm32.11.3.rel1.win32_1.1.1.202309131626/tools/bin/../lib/gcc/arm-none-eabi/11.3.1/../../../../arm-none-eabi/lib/thumb/v6-m/nofp\libnosys.a
END GROUP
LOAD C:/ST/STM32CubeIDE_1.13.1/STM32CubeIDE/plugins/com.st.stm32cube.ide.mcu.externaltools.gnu-tools-for-stm32.11.3.rel1.win32_1.1.1.202309131626/tools/bin/../lib/gcc/arm-none-eabi/11.3.1/thumb/v6-m/nofp/crtend.o
LOAD C:/ST/STM32CubeIDE_1.13.1/STM32CubeIDE/plugins/com.st.stm32cube.ide.mcu.externaltools.gnu-tools-for-stm32.11.3.rel1.win32_1.1.1.202309131626/tools/bin/../lib/gcc/arm-none-eabi/11.3.1/thumb/v6-m/nofp/crtn.o
                0x0000000020002000                _estack = (ORIGIN (RAM) + LENGTH (RAM))
                0x0000000000000200                _Min_Heap_Size = 0x200
                0x0000000000000400                _Min_Stack_Size = 0x400

.isr_vector     0x0000000008000000       0xc0
                0x0000000008000000                . = ALIGN (0x4)
 *(.isr_vector)
 .isr_vector    0x0000000008000000       0xc0 ./Startup/startup_stm32g031k8tx.o
                0x0000000008000000                g_pfnVectors
                0x00000000080000c0                . = ALIGN (0x4)

.text           0x00000000080000c0      0x7c0
                0x00000000080000c0                . = ALIGN (0x4)
 *(.text)
 .text          0x00000000080000c0       0x48 C:/ST/STM32CubeIDE_1.13.1/STM32CubeIDE/plugins/com.st.stm32cube.ide.mcu.externaltools.gnu-tools-for-stm32.11.3.rel1.win32_1.1.1.202309131626/tools/bin/../lib/gcc/arm-none-eabi/11.3.1/thumb/v6-m/nofp/crtbegin.o
 .text          0x0000000008000108      0x114 C:/ST/STM32CubeIDE_1.13.1/STM32CubeIDE/plugins/com.st.stm32cube.ide.mcu.externaltools.gnu-tools-for-stm32.11.3.rel1.win32_1.1.1.202309131626/tools/bin/../lib/gcc/arm-none-eabi/11.3.1/thumb/v6-m/nofp\libgcc.a(_udivsi3.o)
                0x0000000008000108                __aeabi_uidiv
                0x0000000008000108                __udivsi3
                0x0000000008000214                __aeabi_uidivmod
 .text          0x000000000800021c        0x4 C:/ST/STM32CubeIDE_1.13.1/STM32CubeIDE/plugins/com.st.stm32cube.ide.mcu.externaltools.gnu-tools-for-stm32.11.3.rel1.win32_1.1.1.202309131626/tools/bin/../lib/gcc/arm-none-eabi/11.3.1/thumb/v6-m/nofp\libgcc.a(_dvmd_tls.o)
                0x000000000800021c                __aeabi_idiv0
                0x000000000800021c                __aeabi_ldiv0
 *(.text*)
 .text.main     0x0000000008000220       0xd4 ./Src/main.o
                0x0000000008000220                main
 .text.TIM16_IRQHandler
                0x00000000080002f4       0x24 ./Src/main.o
                0x00000000080002f4                TIM16_IRQHandler
 .text.Reset_Handler
                0x0000000008000318       0x50 ./Startup/startup_stm32g031k8tx.o
                0x0000000008000318                Reset_Handler
 .text.Default_Handler
                0x0000000008000368        0x2 ./Startup/startup_stm32g031k8tx.o
                0x0000000008000368                TIM1_CC_IRQHandler
                0x0000000008000368                HardFault_Handler
                0x0000000008000368                SysTick_Handler
                0x0000000008000368                PVD_IRQHandler
                0x0000000008000368                PendSV_Handler
                0x0000000008000368                NMI_Handler
                0x0000000008000368                I2C1_IRQHandler
                0x0000000008000368                DMA1_Channel4_5_6_7_DMAMUX_DMA2_Channel1_2_3_4_5_IRQHandler
                0x0000000008000368                RTC_TAMP_IRQHandler
                0x0000000008000368                SPI1_IRQHandler
                0x0000000008000368                EXTI2_3_IRQHandler
                0x0000000008000368                I2C2_IRQHandler
                0x0000000008000368                TIM17_IRQHandler
                0x0000000008000368                TIM3_IRQHandler
                0x0000000008000368                EXTI4_15_IRQHandler
                0x0000000008000368                RCC_IRQHandler
                0x0000000008000368                DMA1_Channel1_IRQHandler
                0x0000000008000368                Default_Handler
                0x0000000008000368                CEC_IRQHandler
                0x0000000008000368                TIM14_IRQHandler
                0x0000000008000368                EXTI0_1_IRQHandler
                0x0000000008000368                SPI2_IRQHandler
                0x0000000008000368                SVC_Handler
                0x0000000008000368                AES_RNG_IRQHandler
                0x0000000008000368                WWDG_IRQHandler
                0x0000000008000368                TIM2_IRQHandler
                0x0000000008000368                DMA1_Channel2_3_IRQHandler
                0x0000000008000368                ADC_COMP_IRQHandler
                0x0000000008000368                USART2_IRQHandler
                0x0000000008000368                FLASH_IRQHandler
                0x0000000008000368                USART1_IRQHandler
                0x0000000008000368                TIM1_BRK_UP_TRG_COM_IRQHandler
                0x0000000008000368                USART3_USART4_LPUART1_IRQHandler
 *fill*         0x000000000800036a        0x2 
 .text.my_uart1_init
                0x000000000800036c       0x5c ./my_drivers/Src/my_uart.o
                0x000000000800036c                my_uart1_init
 .text.my_uart2_init
                0x00000000080003c8       0x80 ./my_drivers/Src/my_uart.o
                0x00000000080003c8                my_uart2_init
 .text.rx_byte_my_uart1
                0x0000000008000448       0x28 ./my_drivers/Src/my_uart.o
                0x0000000008000448                rx_byte_my_uart1
 .text.my_uart1_on
                0x0000000008000470       0x68 ./my_drivers/Src/my_uart.o
                0x0000000008000470                my_uart1_on
 .text.my_uart2_on
                0x00000000080004d8       0x68 ./my_drivers/Src/my_uart.o
                0x00000000080004d8                my_uart2_on
 .text.my_nmea_message
                0x0000000008000540       0xd8 ./my_lib/Src/my_nmea.o
                0x0000000008000540                my_nmea_message
 .text.get_my_nmea_fixed_mode
                0x0000000008000618       0x14 ./my_lib/Src/my_nmea.o
                0x0000000008000618                get_my_nmea_fixed_mode
 .text.is_my_nmea_checksum_ok
                0x000000000800062c       0x96 ./my_lib/Src/my_nmea.o
                0x000000000800062c                is_my_nmea_checksum_ok
 *fill*         0x00000000080006c2        0x2 
 .text._strtol_l.constprop.0
                0x00000000080006c4      0x10c C:/ST/STM32CubeIDE_1.13.1/STM32CubeIDE/plugins/com.st.stm32cube.ide.mcu.externaltools.gnu-tools-for-stm32.11.3.rel1.win32_1.1.1.202309131626/tools/bin/../lib/gcc/arm-none-eabi/11.3.1/../../../../arm-none-eabi/lib/thumb/v6-m/nofp\libc_nano.a(libc_a-strtol.o)
 .text.strtol   0x00000000080007d0       0x18 C:/ST/STM32CubeIDE_1.13.1/STM32CubeIDE/plugins/com.st.stm32cube.ide.mcu.externaltools.gnu-tools-for-stm32.11.3.rel1.win32_1.1.1.202309131626/tools/bin/../lib/gcc/arm-none-eabi/11.3.1/../../../../arm-none-eabi/lib/thumb/v6-m/nofp\libc_nano.a(libc_a-strtol.o)
                0x00000000080007d0                strtol
 .text.strstr   0x00000000080007e8       0x2c C:/ST/STM32CubeIDE_1.13.1/STM32CubeIDE/plugins/com.st.stm32cube.ide.mcu.externaltools.gnu-tools-for-stm32.11.3.rel1.win32_1.1.1.202309131626/tools/bin/../lib/gcc/arm-none-eabi/11.3.1/../../../../arm-none-eabi/lib/thumb/v6-m/nofp\libc_nano.a(libc_a-strstr.o)
                0x00000000080007e8                strstr
 .text.__errno  0x0000000008000814        0xc C:/ST/STM32CubeIDE_1.13.1/STM32CubeIDE/plugins/com.st.stm32cube.ide.mcu.externaltools.gnu-tools-for-stm32.11.3.rel1.win32_1.1.1.202309131626/tools/bin/../lib/gcc/arm-none-eabi/11.3.1/../../../../arm-none-eabi/lib/thumb/v6-m/nofp\libc_nano.a(libc_a-errno.o)
                0x0000000008000814                __errno
 .text.__libc_init_array
                0x0000000008000820       0x48 C:/ST/STM32CubeIDE_1.13.1/STM32CubeIDE/plugins/com.st.stm32cube.ide.mcu.externaltools.gnu-tools-for-stm32.11.3.rel1.win32_1.1.1.202309131626/tools/bin/../lib/gcc/arm-none-eabi/11.3.1/../../../../arm-none-eabi/lib/thumb/v6-m/nofp\libc_nano.a(libc_a-init.o)
                0x0000000008000820                __libc_init_array
 *(.glue_7)
 .glue_7        0x0000000008000868        0x0 linker stubs
 *(.glue_7t)
 .glue_7t       0x0000000008000868        0x0 linker stubs
 *(.eh_frame)
 .eh_frame      0x0000000008000868        0x0 C:/ST/STM32CubeIDE_1.13.1/STM32CubeIDE/plugins/com.st.stm32cube.ide.mcu.externaltools.gnu-tools-for-stm32.11.3.rel1.win32_1.1.1.202309131626/tools/bin/../lib/gcc/arm-none-eabi/11.3.1/thumb/v6-m/nofp/crtbegin.o
 *(.init)
 .init          0x0000000008000868        0x4 C:/ST/STM32CubeIDE_1.13.1/STM32CubeIDE/plugins/com.st.stm32cube.ide.mcu.externaltools.gnu-tools-for-stm32.11.3.rel1.win32_1.1.1.202309131626/tools/bin/../lib/gcc/arm-none-eabi/11.3.1/thumb/v6-m/nofp/crti.o
                0x0000000008000868                _init
 .init          0x000000000800086c        0x8 C:/ST/STM32CubeIDE_1.13.1/STM32CubeIDE/plugins/com.st.stm32cube.ide.mcu.externaltools.gnu-tools-for-stm32.11.3.rel1.win32_1.1.1.202309131626/tools/bin/../lib/gcc/arm-none-eabi/11.3.1/thumb/v6-m/nofp/crtn.o
 *(.fini)
 .fini          0x0000000008000874        0x4 C:/ST/STM32CubeIDE_1.13.1/STM32CubeIDE/plugins/com.st.stm32cube.ide.mcu.externaltools.gnu-tools-for-stm32.11.3.rel1.win32_1.1.1.202309131626/tools/bin/../lib/gcc/arm-none-eabi/11.3.1/thumb/v6-m/nofp/crti.o
                0x0000000008000874                _fini
 .fini          0x0000000008000878        0x8 C:/ST/STM32CubeIDE_1.13.1/STM32CubeIDE/plugins/com.st.stm32cube.ide.mcu.externaltools.gnu-tools-for-stm32.11.3.rel1.win32_1.1.1.202309131626/tools/bin/../lib/gcc/arm-none-eabi/11.3.1/thumb/v6-m/nofp/crtn.o
                0x0000000008000880                . = ALIGN (0x4)
                0x0000000008000880                _etext = .

.vfp11_veneer   0x0000000008000880        0x0
 .vfp11_veneer  0x0000000008000880        0x0 linker stubs

.v4_bx          0x0000000008000880        0x0
 .v4_bx         0x0000000008000880        0x0 linker stubs

.iplt           0x0000000008000880        0x0
 .iplt          0x0000000008000880        0x0 C:/ST/STM32CubeIDE_1.13.1/STM32CubeIDE/plugins/com.st.stm32cube.ide.mcu.externaltools.gnu-tools-for-stm32.11.3.rel1.win32_1.1.1.202309131626/tools/bin/../lib/gcc/arm-none-eabi/11.3.1/thumb/v6-m/nofp/crtbegin.o

.rodata         0x0000000008000880      0x110
                0x0000000008000880                . = ALIGN (0x4)
 *(.rodata)
 .rodata        0x0000000008000880        0xe ./Src/main.o
 *(.rodata*)
 .rodata._ctype_
                0x000000000800088e      0x101 C:/ST/STM32CubeIDE_1.13.1/STM32CubeIDE/plugins/com.st.stm32cube.ide.mcu.externaltools.gnu-tools-for-stm32.11.3.rel1.win32_1.1.1.202309131626/tools/bin/../lib/gcc/arm-none-eabi/11.3.1/../../../../arm-none-eabi/lib/thumb/v6-m/nofp\libc_nano.a(libc_a-ctype_.o)
                0x000000000800088e                _ctype_
                0x0000000008000990                . = ALIGN (0x4)
 *fill*         0x000000000800098f        0x1 

.rel.dyn        0x0000000008000990        0x0
 .rel.iplt      0x0000000008000990        0x0 C:/ST/STM32CubeIDE_1.13.1/STM32CubeIDE/plugins/com.st.stm32cube.ide.mcu.externaltools.gnu-tools-for-stm32.11.3.rel1.win32_1.1.1.202309131626/tools/bin/../lib/gcc/arm-none-eabi/11.3.1/thumb/v6-m/nofp/crtbegin.o

.ARM.extab      0x0000000008000990        0x0
                0x0000000008000990                . = ALIGN (0x4)
 *(.ARM.extab* .gnu.linkonce.armextab.*)
                0x0000000008000990                . = ALIGN (0x4)

.ARM            0x0000000008000990        0x0
                0x0000000008000990                . = ALIGN (0x4)
                0x0000000008000990                __exidx_start = .
 *(.ARM.exidx*)
                0x0000000008000990                __exidx_end = .
                0x0000000008000990                . = ALIGN (0x4)

.preinit_array  0x0000000008000990        0x0
                0x0000000008000990                . = ALIGN (0x4)
                0x0000000008000990                PROVIDE (__preinit_array_start = .)
 *(.preinit_array*)
                0x0000000008000990                PROVIDE (__preinit_array_end = .)
                0x0000000008000990                . = ALIGN (0x4)

.init_array     0x0000000008000990        0x4
                0x0000000008000990                . = ALIGN (0x4)
                0x0000000008000990                PROVIDE (__init_array_start = .)
 *(SORT_BY_NAME(.init_array.*))
 *(.init_array*)
 .init_array    0x0000000008000990        0x4 C:/ST/STM32CubeIDE_1.13.1/STM32CubeIDE/plugins/com.st.stm32cube.ide.mcu.externaltools.gnu-tools-for-stm32.11.3.rel1.win32_1.1.1.202309131626/tools/bin/../lib/gcc/arm-none-eabi/11.3.1/thumb/v6-m/nofp/crtbegin.o
                0x0000000008000994                PROVIDE (__init_array_end = .)
                0x0000000008000994                . = ALIGN (0x4)

.fini_array     0x0000000008000994        0x4
                0x0000000008000994                . = ALIGN (0x4)
                [!provide]                        PROVIDE (__fini_array_start = .)
 *(SORT_BY_NAME(.fini_array.*))
 *(.fini_array*)
 .fini_array    0x0000000008000994        0x4 C:/ST/STM32CubeIDE_1.13.1/STM32CubeIDE/plugins/com.st.stm32cube.ide.mcu.externaltools.gnu-tools-for-stm32.11.3.rel1.win32_1.1.1.202309131626/tools/bin/../lib/gcc/arm-none-eabi/11.3.1/thumb/v6-m/nofp/crtbegin.o
                [!provide]                        PROVIDE (__fini_array_end = .)
                0x0000000008000998                . = ALIGN (0x4)
                0x0000000008000998                _sidata = LOADADDR (.data)

.data           0x0000000020000000       0x54 load address 0x0000000008000998
                0x0000000020000000                . = ALIGN (0x4)
                0x0000000020000000                _sdata = .
 *(.data)
 *(.data*)
 .data.nmea_gngsa_label
                0x0000000020000000        0x4 ./Src/main.o
                0x0000000020000000                nmea_gngsa_label
 .data._impure_data
                0x0000000020000004       0x4c C:/ST/STM32CubeIDE_1.13.1/STM32CubeIDE/plugins/com.st.stm32cube.ide.mcu.externaltools.gnu-tools-for-stm32.11.3.rel1.win32_1.1.1.202309131626/tools/bin/../lib/gcc/arm-none-eabi/11.3.1/../../../../arm-none-eabi/lib/thumb/v6-m/nofp\libc_nano.a(libc_a-impure.o)
                0x0000000020000004                _impure_data
 .data._impure_ptr
                0x0000000020000050        0x4 C:/ST/STM32CubeIDE_1.13.1/STM32CubeIDE/plugins/com.st.stm32cube.ide.mcu.externaltools.gnu-tools-for-stm32.11.3.rel1.win32_1.1.1.202309131626/tools/bin/../lib/gcc/arm-none-eabi/11.3.1/../../../../arm-none-eabi/lib/thumb/v6-m/nofp\libc_nano.a(libc_a-impure.o)
                0x0000000020000050                _impure_ptr
 *(.RamFunc)
 *(.RamFunc*)
                0x0000000020000054                . = ALIGN (0x4)
                0x0000000020000054                _edata = .

.igot.plt       0x0000000020000054        0x0 load address 0x00000000080009ec
 .igot.plt      0x0000000020000054        0x0 C:/ST/STM32CubeIDE_1.13.1/STM32CubeIDE/plugins/com.st.stm32cube.ide.mcu.externaltools.gnu-tools-for-stm32.11.3.rel1.win32_1.1.1.202309131626/tools/bin/../lib/gcc/arm-none-eabi/11.3.1/thumb/v6-m/nofp/crtbegin.o
                0x0000000020000054                . = ALIGN (0x4)

.bss            0x0000000020000054      0x254 load address 0x00000000080009ec
                0x0000000020000054                _sbss = .
                0x0000000020000054                __bss_start__ = _sbss
 *(.bss)
 .bss           0x0000000020000054       0x1c C:/ST/STM32CubeIDE_1.13.1/STM32CubeIDE/plugins/com.st.stm32cube.ide.mcu.externaltools.gnu-tools-for-stm32.11.3.rel1.win32_1.1.1.202309131626/tools/bin/../lib/gcc/arm-none-eabi/11.3.1/thumb/v6-m/nofp/crtbegin.o
 *(.bss*)
 .bss.my_tim16_up
                0x0000000020000070        0x1 ./Src/main.o
                0x0000000020000070                my_tim16_up
 .bss.rx_byte_uart1
                0x0000000020000071        0x1 ./Src/main.o
                0x0000000020000071                rx_byte_uart1
 *fill*         0x0000000020000072        0x2 
 .bss.nmea_message
                0x0000000020000074       0xfa ./Src/main.o
                0x0000000020000074                nmea_message
 .bss.i_nmea    0x000000002000016e        0x1 ./Src/main.o
                0x000000002000016e                i_nmea
 .bss.nmea_fixed_mode
                0x000000002000016f        0x1 ./Src/main.o
                0x000000002000016f                nmea_fixed_mode
 .bss.__sf      0x0000000020000170      0x138 C:/ST/STM32CubeIDE_1.13.1/STM32CubeIDE/plugins/com.st.stm32cube.ide.mcu.externaltools.gnu-tools-for-stm32.11.3.rel1.win32_1.1.1.202309131626/tools/bin/../lib/gcc/arm-none-eabi/11.3.1/../../../../arm-none-eabi/lib/thumb/v6-m/nofp\libc_nano.a(libc_a-findfp.o)
                0x0000000020000170                __sf
 *(COMMON)
                0x00000000200002a8                . = ALIGN (0x4)
                0x00000000200002a8                _ebss = .
                0x00000000200002a8                __bss_end__ = _ebss

._user_heap_stack
                0x00000000200002a8      0x600 load address 0x00000000080009ec
                0x00000000200002a8                . = ALIGN (0x8)
                [!provide]                        PROVIDE (end = .)
                0x00000000200002a8                PROVIDE (_end = .)
                0x00000000200004a8                . = (. + _Min_Heap_Size)
 *fill*         0x00000000200002a8      0x200 
                0x00000000200008a8                . = (. + _Min_Stack_Size)
 *fill*         0x00000000200004a8      0x400 
                0x00000000200008a8                . = ALIGN (0x8)

/DISCARD/
 libc.a(*)
 libm.a(*)
 libgcc.a(*)

.ARM.attributes
                0x0000000000000000       0x28
 *(.ARM.attributes)
 .ARM.attributes
                0x0000000000000000       0x1e C:/ST/STM32CubeIDE_1.13.1/STM32CubeIDE/plugins/com.st.stm32cube.ide.mcu.externaltools.gnu-tools-for-stm32.11.3.rel1.win32_1.1.1.202309131626/tools/bin/../lib/gcc/arm-none-eabi/11.3.1/thumb/v6-m/nofp/crti.o
 .ARM.attributes
                0x000000000000001e       0x2c C:/ST/STM32CubeIDE_1.13.1/STM32CubeIDE/plugins/com.st.stm32cube.ide.mcu.externaltools.gnu-tools-for-stm32.11.3.rel1.win32_1.1.1.202309131626/tools/bin/../lib/gcc/arm-none-eabi/11.3.1/thumb/v6-m/nofp/crtbegin.o
 .ARM.attributes
                0x000000000000004a       0x2c ./Src/main.o
 .ARM.attributes
                0x0000000000000076       0x22 ./Startup/startup_stm32g031k8tx.o
 .ARM.attributes
                0x0000000000000098       0x2c ./my_drivers/Src/my_uart.o
 .ARM.attributes
                0x00000000000000c4       0x2c ./my_lib/Src/my_nmea.o
 .ARM.attributes
                0x00000000000000f0       0x2c C:/ST/STM32CubeIDE_1.13.1/STM32CubeIDE/plugins/com.st.stm32cube.ide.mcu.externaltools.gnu-tools-for-stm32.11.3.rel1.win32_1.1.1.202309131626/tools/bin/../lib/gcc/arm-none-eabi/11.3.1/../../../../arm-none-eabi/lib/thumb/v6-m/nofp\libc_nano.a(libc_a-strtol.o)
 .ARM.attributes
                0x000000000000011c       0x2c C:/ST/STM32CubeIDE_1.13.1/STM32CubeIDE/plugins/com.st.stm32cube.ide.mcu.externaltools.gnu-tools-for-stm32.11.3.rel1.win32_1.1.1.202309131626/tools/bin/../lib/gcc/arm-none-eabi/11.3.1/../../../../arm-none-eabi/lib/thumb/v6-m/nofp\libc_nano.a(libc_a-ctype_.o)
 .ARM.attributes
                0x0000000000000148       0x2c C:/ST/STM32CubeIDE_1.13.1/STM32CubeIDE/plugins/com.st.stm32cube.ide.mcu.externaltools.gnu-tools-for-stm32.11.3.rel1.win32_1.1.1.202309131626/tools/bin/../lib/gcc/arm-none-eabi/11.3.1/../../../../arm-none-eabi/lib/thumb/v6-m/nofp\libc_nano.a(libc_a-findfp.o)
 .ARM.attributes
                0x0000000000000174       0x2c C:/ST/STM32CubeIDE_1.13.1/STM32CubeIDE/plugins/com.st.stm32cube.ide.mcu.externaltools.gnu-tools-for-stm32.11.3.rel1.win32_1.1.1.202309131626/tools/bin/../lib/gcc/arm-none-eabi/11.3.1/../../../../arm-none-eabi/lib/thumb/v6-m/nofp\libc_nano.a(libc_a-strstr.o)
 .ARM.attributes
                0x00000000000001a0       0x2c C:/ST/STM32CubeIDE_1.13.1/STM32CubeIDE/plugins/com.st.stm32cube.ide.mcu.externaltools.gnu-tools-for-stm32.11.3.rel1.win32_1.1.1.202309131626/tools/bin/../lib/gcc/arm-none-eabi/11.3.1/../../../../arm-none-eabi/lib/thumb/v6-m/nofp\libc_nano.a(libc_a-impure.o)
 .ARM.attributes
                0x00000000000001cc       0x2c C:/ST/STM32CubeIDE_1.13.1/STM32CubeIDE/plugins/com.st.stm32cube.ide.mcu.externaltools.gnu-tools-for-stm32.11.3.rel1.win32_1.1.1.202309131626/tools/bin/../lib/gcc/arm-none-eabi/11.3.1/../../../../arm-none-eabi/lib/thumb/v6-m/nofp\libc_nano.a(libc_a-errno.o)
 .ARM.attributes
                0x00000000000001f8       0x2c C:/ST/STM32CubeIDE_1.13.1/STM32CubeIDE/plugins/com.st.stm32cube.ide.mcu.externaltools.gnu-tools-for-stm32.11.3.rel1.win32_1.1.1.202309131626/tools/bin/../lib/gcc/arm-none-eabi/11.3.1/../../../../arm-none-eabi/lib/thumb/v6-m/nofp\libc_nano.a(libc_a-init.o)
 .ARM.attributes
                0x0000000000000224       0x1e C:/ST/STM32CubeIDE_1.13.1/STM32CubeIDE/plugins/com.st.stm32cube.ide.mcu.externaltools.gnu-tools-for-stm32.11.3.rel1.win32_1.1.1.202309131626/tools/bin/../lib/gcc/arm-none-eabi/11.3.1/thumb/v6-m/nofp\libgcc.a(_udivsi3.o)
 .ARM.attributes
                0x0000000000000242       0x1e C:/ST/STM32CubeIDE_1.13.1/STM32CubeIDE/plugins/com.st.stm32cube.ide.mcu.externaltools.gnu-tools-for-stm32.11.3.rel1.win32_1.1.1.202309131626/tools/bin/../lib/gcc/arm-none-eabi/11.3.1/thumb/v6-m/nofp\libgcc.a(_dvmd_tls.o)
 .ARM.attributes
                0x0000000000000260       0x1e C:/ST/STM32CubeIDE_1.13.1/STM32CubeIDE/plugins/com.st.stm32cube.ide.mcu.externaltools.gnu-tools-for-stm32.11.3.rel1.win32_1.1.1.202309131626/tools/bin/../lib/gcc/arm-none-eabi/11.3.1/thumb/v6-m/nofp/crtn.o
OUTPUT(Tuto_UART_REG_G031_002.elf elf32-littlearm)
LOAD linker stubs
LOAD C:/ST/STM32CubeIDE_1.13.1/STM32CubeIDE/plugins/com.st.stm32cube.ide.mcu.externaltools.gnu-tools-for-stm32.11.3.rel1.win32_1.1.1.202309131626/tools/bin/../lib/gcc/arm-none-eabi/11.3.1/../../../../arm-none-eabi/lib/thumb/v6-m/nofp\libc.a
LOAD C:/ST/STM32CubeIDE_1.13.1/STM32CubeIDE/plugins/com.st.stm32cube.ide.mcu.externaltools.gnu-tools-for-stm32.11.3.rel1.win32_1.1.1.202309131626/tools/bin/../lib/gcc/arm-none-eabi/11.3.1/../../../../arm-none-eabi/lib/thumb/v6-m/nofp\libm.a
LOAD C:/ST/STM32CubeIDE_1.13.1/STM32CubeIDE/plugins/com.st.stm32cube.ide.mcu.externaltools.gnu-tools-for-stm32.11.3.rel1.win32_1.1.1.202309131626/tools/bin/../lib/gcc/arm-none-eabi/11.3.1/thumb/v6-m/nofp\libgcc.a

.comment        0x0000000000000000       0x43
 .comment       0x0000000000000000       0x43 C:/ST/STM32CubeIDE_1.13.1/STM32CubeIDE/plugins/com.st.stm32cube.ide.mcu.externaltools.gnu-tools-for-stm32.11.3.rel1.win32_1.1.1.202309131626/tools/bin/../lib/gcc/arm-none-eabi/11.3.1/thumb/v6-m/nofp/crtbegin.o
                                         0x44 (size before relaxing)
 .comment       0x0000000000000043       0x44 ./Src/main.o
 .comment       0x0000000000000043       0x44 ./my_drivers/Src/my_uart.o
 .comment       0x0000000000000043       0x44 ./my_lib/Src/my_nmea.o

.debug_info     0x0000000000000000      0xa9f
 .debug_info    0x0000000000000000      0x437 ./Src/main.o
 .debug_info    0x0000000000000437       0x23 ./Startup/startup_stm32g031k8tx.o
 .debug_info    0x000000000000045a      0x4c4 ./my_drivers/Src/my_uart.o
 .debug_info    0x000000000000091e      0x181 ./my_lib/Src/my_nmea.o

.debug_abbrev   0x0000000000000000      0x36d
 .debug_abbrev  0x0000000000000000      0x13f ./Src/main.o
 .debug_abbrev  0x000000000000013f       0x12 ./Startup/startup_stm32g031k8tx.o
 .debug_abbrev  0x0000000000000151      0x131 ./my_drivers/Src/my_uart.o
 .debug_abbrev  0x0000000000000282       0xeb ./my_lib/Src/my_nmea.o

.debug_aranges  0x0000000000000000       0xe8
 .debug_aranges
                0x0000000000000000       0x28 ./Src/main.o
 .debug_aranges
                0x0000000000000028       0x28 ./Startup/startup_stm32g031k8tx.o
 .debug_aranges
                0x0000000000000050       0x68 ./my_drivers/Src/my_uart.o
 .debug_aranges
                0x00000000000000b8       0x30 ./my_lib/Src/my_nmea.o

.debug_rnglists
                0x0000000000000000       0x9e
 .debug_rnglists
                0x0000000000000000       0x1a ./Src/main.o
 .debug_rnglists
                0x000000000000001a       0x19 ./Startup/startup_stm32g031k8tx.o
 .debug_rnglists
                0x0000000000000033       0x4a ./my_drivers/Src/my_uart.o
 .debug_rnglists
                0x000000000000007d       0x21 ./my_lib/Src/my_nmea.o

.debug_macro    0x0000000000000000     0xd213
 .debug_macro   0x0000000000000000      0x229 ./Src/main.o
 .debug_macro   0x0000000000000229      0xa84 ./Src/main.o
 .debug_macro   0x0000000000000cad       0x22 ./Src/main.o
 .debug_macro   0x0000000000000ccf       0x8e ./Src/main.o
 .debug_macro   0x0000000000000d5d       0x51 ./Src/main.o
 .debug_macro   0x0000000000000dae      0x103 ./Src/main.o
 .debug_macro   0x0000000000000eb1       0x6a ./Src/main.o
 .debug_macro   0x0000000000000f1b      0x1df ./Src/main.o
 .debug_macro   0x00000000000010fa       0x22 ./Src/main.o
 .debug_macro   0x000000000000111c       0x28 ./Src/main.o
 .debug_macro   0x0000000000001144       0x1c ./Src/main.o
 .debug_macro   0x0000000000001160       0x22 ./Src/main.o
 .debug_macro   0x0000000000001182       0xd1 ./Src/main.o
 .debug_macro   0x0000000000001253      0x4da ./Src/main.o
 .debug_macro   0x000000000000172d      0x11f ./Src/main.o
 .debug_macro   0x000000000000184c     0xac09 ./Src/main.o
 .debug_macro   0x000000000000c455       0x61 ./Src/main.o
 .debug_macro   0x000000000000c4b6       0x24 ./Src/main.o
 .debug_macro   0x000000000000c4da       0x43 ./Src/main.o
 .debug_macro   0x000000000000c51d       0x34 ./Src/main.o
 .debug_macro   0x000000000000c551      0x174 ./Src/main.o
 .debug_macro   0x000000000000c6c5       0x16 ./Src/main.o
 .debug_macro   0x000000000000c6db       0x43 ./Src/main.o
 .debug_macro   0x000000000000c71e       0x34 ./Src/main.o
 .debug_macro   0x000000000000c752       0x10 ./Src/main.o
 .debug_macro   0x000000000000c762       0x58 ./Src/main.o
 .debug_macro   0x000000000000c7ba       0x8e ./Src/main.o
 .debug_macro   0x000000000000c848       0x1c ./Src/main.o
 .debug_macro   0x000000000000c864      0x177 ./Src/main.o
 .debug_macro   0x000000000000c9db      0x369 ./Src/main.o
 .debug_macro   0x000000000000cd44       0x10 ./Src/main.o
 .debug_macro   0x000000000000cd54       0x35 ./Src/main.o
 .debug_macro   0x000000000000cd89       0x20 ./Src/main.o
 .debug_macro   0x000000000000cda9       0x1c ./Src/main.o
 .debug_macro   0x000000000000cdc5       0x10 ./Src/main.o
 .debug_macro   0x000000000000cdd5       0x1c ./Src/main.o
 .debug_macro   0x000000000000cdf1       0x16 ./Src/main.o
 .debug_macro   0x000000000000ce07      0x147 ./Src/main.o
 .debug_macro   0x000000000000cf4e       0x16 ./Src/main.o
 .debug_macro   0x000000000000cf64       0x16 ./Src/main.o
 .debug_macro   0x000000000000cf7a       0x29 ./Src/main.o
 .debug_macro   0x000000000000cfa3       0xbf ./my_drivers/Src/my_uart.o
 .debug_macro   0x000000000000d062      0x1b1 ./my_lib/Src/my_nmea.o

.debug_line     0x0000000000000000     0x1647
 .debug_line    0x0000000000000000      0x7d0 ./Src/main.o
 .debug_line    0x00000000000007d0       0x7b ./Startup/startup_stm32g031k8tx.o
 .debug_line    0x000000000000084b      0x6dd ./my_drivers/Src/my_uart.o
 .debug_line    0x0000000000000f28      0x71f ./my_lib/Src/my_nmea.o

.debug_str      0x0000000000000000    0x48639
 .debug_str     0x0000000000000000    0x4845c ./Src/main.o
                                      0x486a7 (size before relaxing)
 .debug_str     0x000000000004845c       0x2f ./Startup/startup_stm32g031k8tx.o
                                         0x64 (size before relaxing)
 .debug_str     0x000000000004848b      0x18f ./my_drivers/Src/my_uart.o
                                      0x44a8e (size before relaxing)
 .debug_str     0x000000000004861a       0x1f ./my_lib/Src/my_nmea.o
                                       0x784f (size before relaxing)

.debug_frame    0x0000000000000000      0x448
 .debug_frame   0x0000000000000000       0x48 ./Src/main.o
 .debug_frame   0x0000000000000048      0x148 ./my_drivers/Src/my_uart.o
 .debug_frame   0x0000000000000190       0x70 ./my_lib/Src/my_nmea.o
 .debug_frame   0x0000000000000200       0x78 C:/ST/STM32CubeIDE_1.13.1/STM32CubeIDE/plugins/com.st.stm32cube.ide.mcu.externaltools.gnu-tools-for-stm32.11.3.rel1.win32_1.1.1.202309131626/tools/bin/../lib/gcc/arm-none-eabi/11.3.1/../../../../arm-none-eabi/lib/thumb/v6-m/nofp\libc_nano.a(libc_a-strtol.o)
 .debug_frame   0x0000000000000278      0x138 C:/ST/STM32CubeIDE_1.13.1/STM32CubeIDE/plugins/com.st.stm32cube.ide.mcu.externaltools.gnu-tools-for-stm32.11.3.rel1.win32_1.1.1.202309131626/tools/bin/../lib/gcc/arm-none-eabi/11.3.1/../../../../arm-none-eabi/lib/thumb/v6-m/nofp\libc_nano.a(libc_a-findfp.o)
 .debug_frame   0x00000000000003b0       0x2c C:/ST/STM32CubeIDE_1.13.1/STM32CubeIDE/plugins/com.st.stm32cube.ide.mcu.externaltools.gnu-tools-for-stm32.11.3.rel1.win32_1.1.1.202309131626/tools/bin/../lib/gcc/arm-none-eabi/11.3.1/../../../../arm-none-eabi/lib/thumb/v6-m/nofp\libc_nano.a(libc_a-strstr.o)
 .debug_frame   0x00000000000003dc       0x20 C:/ST/STM32CubeIDE_1.13.1/STM32CubeIDE/plugins/com.st.stm32cube.ide.mcu.externaltools.gnu-tools-for-stm32.11.3.rel1.win32_1.1.1.202309131626/tools/bin/../lib/gcc/arm-none-eabi/11.3.1/../../../../arm-none-eabi/lib/thumb/v6-m/nofp\libc_nano.a(libc_a-errno.o)
 .debug_frame   0x00000000000003fc       0x2c C:/ST/STM32CubeIDE_1.13.1/STM32CubeIDE/plugins/com.st.stm32cube.ide.mcu.externaltools.gnu-tools-for-stm32.11.3.rel1.win32_1.1.1.202309131626/tools/bin/../lib/gcc/arm-none-eabi/11.3.1/../../../../arm-none-eabi/lib/thumb/v6-m/nofp\libc_nano.a(libc_a-init.o)
 .debug_frame   0x0000000000000428       0x20 C:/ST/STM32CubeIDE_1.13.1/STM32CubeIDE/plugins/com.st.stm32cube.ide.mcu.externaltools.gnu-tools-for-stm32.11.3.rel1.win32_1.1.1.202309131626/tools/bin/../lib/gcc/arm-none-eabi/11.3.1/thumb/v6-m/nofp\libgcc.a(_udivsi3.o)

.debug_line_str
                0x0000000000000000       0x58
 .debug_line_str
                0x0000000000000000       0x58 ./Startup/startup_stm32g031k8tx.o
                                         0x70 (size before relaxing)
