../my_drivers/Src/my_uart.c:17:6:my_uart1_init	8	static
../my_drivers/Src/my_uart.c:40:6:my_uart2_init	8	static
../my_drivers/Src/my_uart.c:52:6:rx_byte_my_uart1	16	static
../my_drivers/Src/my_uart.c:64:6:rx_byte_my_uart2	16	static
../my_drivers/Src/my_uart.c:72:6:tx_byte_my_uart1	16	static
../my_drivers/Src/my_uart.c:80:6:tx_byte_my_uart2	16	static
../my_drivers/Src/my_uart.c:87:6:tx_string_my_uart1	24	static
../my_drivers/Src/my_uart.c:98:6:tx_string_my_uart2	24	static
../my_drivers/Src/my_uart.c:110:6:my_uart1_on	16	static
../my_drivers/Src/my_uart.c:131:6:my_uart2_on	16	static
